// Jest Snapshot v1, https://goo.gl/fbAQLP

exports[`#Error should render correctly 1`] = `
<div
  className="pagination"
>
  <button
    disabled={true}
    onClick={[Function]}
  >
    Prev
  </button>
  <span
    className="current-page"
  >
    1
  </span>
  <button
    disabled={false}
    onClick={[Function]}
  >
    Next
  </button>
</div>
`;
